// Jest Snapshot v1, https://goo.gl/fbAQLP

exports[`renders correctly 1`] = `
<div>
  <li>
    <a
      class="item-active"
      href="/"
    >
      <span
        class="text"
      >
        title
      </span>
    </a>
  </li>
</div>
`;
